// Jest Snapshot v1, https://goo.gl/fbAQLP

exports[`App snapshot 1`] = `
<div>
  <nav
    className="navbar navbar-dark bg-dark"
  >
    <a
      class="navbar-brand"
      href="#"
    >
      To Do app
    </a>
    <span
      class="btn btn-outline-light my-2 my-sm-0"
    >
      2
       users have tasks
    </span>
  </nav>
  <div
    className="row"
  >
    <div
      className="col-10"
    >
      <div
        className="container"
      >
        <div
          className="row"
        >
          <div
            className="col"
            style={
              Object {
                "padding": "1em",
              }
            }
          >
            <h3>
              <mark>
                Joseph
              </mark>
            </h3>
            <div>
              <div
                className="card"
                style={
                  Object {
                    "width": "18rem",
                  }
                }
              >
                <div
                  className="card-body"
                >
                  <h5
                    className="card-title"
                  >
                    Button link inactive
                  </h5>
                  <p
                    className="card-text bg-light"
                  >
                    Though home page button should be active, it is inactive on page load
                  </p>
                  <a
                    class="card-link"
                    href="#"
                    onClick={[Function]}
                    style={
                      Object {
                        "color": "red",
                        "float": "right",
                      }
                    }
                  >
                    Delete
                  </a>
                </div>
              </div>
            </div>
            <button
              className="btn btn-sm btn-dark"
              onClick={[Function]}
            >
              Add task
            </button>
          </div>
          <div
            className="col"
            style={
              Object {
                "padding": "1em",
              }
            }
          >
            <h3>
              <mark>
                Pravin
              </mark>
            </h3>
            <div>
              <div
                className="card"
                style={
                  Object {
                    "width": "18rem",
                  }
                }
              >
                <div
                  className="card-body"
                >
                  <h5
                    className="card-title"
                  >
                    Jenkins task
                  </h5>
                  <p
                    className="card-text bg-light"
                  >
                    Create a jenkins job for UI deployment in dev. Branch name should be parameterised
                  </p>
                  <a
                    class="card-link"
                    href="#"
                    onClick={[Function]}
                    style={
                      Object {
                        "color": "red",
                        "float": "right",
                      }
                    }
                  >
                    Delete
                  </a>
                </div>
              </div>
              <div
                className="card"
                style={
                  Object {
                    "width": "18rem",
                  }
                }
              >
                <div
                  className="card-body"
                >
                  <h5
                    className="card-title"
                  >
                    Text overflowing in title card
                  </h5>
                  <p
                    className="card-text bg-light"
                  >
                    Css changes to accomodate the text within the div space
                  </p>
                  <a
                    class="card-link"
                    href="#"
                    onClick={[Function]}
                    style={
                      Object {
                        "color": "red",
                        "float": "right",
                      }
                    }
                  >
                    Delete
                  </a>
                </div>
              </div>
            </div>
            <button
              className="btn btn-sm btn-dark"
              onClick={[Function]}
            >
              Add task
            </button>
          </div>
          <div
            className="col"
            style={
              Object {
                "padding": "1em",
              }
            }
          >
            <h3>
              <mark>
                Rajaram
              </mark>
            </h3>
            <div />
            <button
              className="btn btn-sm btn-dark"
              onClick={[Function]}
            >
              Add task
            </button>
          </div>
        </div>
      </div>
    </div>
    <div
      className="col-2"
      style={
        Object {
          "marginTop": "10px",
          "paddingLeft": "0px",
        }
      }
    >
      <div>
        <button
          className="btn btn-primary"
          onClick={[Function]}
        >
          + Add new user
        </button>
      </div>
    </div>
  </div>
</div>
`;
